// Jest Snapshot v1, https://goo.gl/fbAQLP

exports[`<UserTable /> should render component UserTable correctly 1`] = `
<transition-stub>
  <table class="border border-gray-800 w-full">
    <thead class="table-people_thead">
      <tr class="border-b border-gray-800">
        <th class="bg-brand-graydark text-white py-1 px-6 border border-gray-800 text-center text-xs sm:text-base relative"><span>Name</span>
          <!--v-if-->
        </th>
        <th class="bg-brand-graydark text-white py-1 px-6 border border-gray-800 text-center text-xs sm:text-base relative"><span>Gender</span>
          <div><button class="absolute top-0 right-0 h-full w-4 sm:w-8 bg-white flex items-center justify-center rounded-sm"><svg version="1.1" xmlns="http://www.w3.org/2000/svg" viewBox="0 0 44.023 44.023" xmlns:xlink="http://www.w3.org/1999/xlink" enable-background="new 0 0 44.023 44.023" width="15" height="15" name="filter">
                <g>
                  <g>
                    <path d="m43.729,.29c-0.219-0.22-0.513-0.303-0.799-0.276h-41.831c-0.286-0.026-0.579,0.057-0.798,0.276-0.09,0.09-0.155,0.195-0.203,0.306-0.059,0.128-0.098,0.268-0.098,0.418 0,0.292 0.129,0.549 0.329,0.731l14.671,20.539v20.662c-0.008,0.152 0.015,0.304 0.077,0.446 0.149,0.364 0.505,0.621 0.923,0.621 0.303,0 0.565-0.142 0.749-0.354l11.98-11.953c0.227-0.227 0.307-0.533 0.271-0.828v-8.589l14.729-20.583c0.392-0.391 0.392-1.025 0-1.416zm-16.445,20.998c-0.209,0.209-0.298,0.485-0.284,0.759v8.553l-10,9.977v-18.53c0.014-0.273-0.075-0.55-0.284-0.759l-13.767-19.274h38.128l-13.793,19.274z" fill="#333"></path>
                  </g>
                </g>
              </svg></button>
            <div class="flex flex-col gap-2 bg-white rounded p-4 shadow-lg w-full z-10 absolute top-10 right-0 bg-white flex items-center justify-center rounded-sm z-10" style="display: none;">
              <div class="flex items-center gap-2 w-full"><input type="radio" id="female" value="female"><label for="female" class="text-gray-800 font-regular">female</label></div><button class="bg-brand-main text-white py-1 px-4 rounded focus:outline-none cursor-pointer hover:brightness-95"> Clear </button>
            </div>
          </div>
        </th>
        <th class="bg-brand-graydark text-white py-1 px-6 border border-gray-800 text-center text-xs sm:text-base relative"><span>Birth</span>
          <!--v-if-->
        </th>
        <th class="bg-brand-graydark text-white py-1 px-6 border border-gray-800 text-center text-xs sm:text-base relative"><span>Actions</span>
          <!--v-if-->
        </th>
      </tr>
    </thead>
    <tbody>
      <tr class="ease-in duration-300">
        <td class="item-table">Miss Jennie Nichols</td>
        <td class="item-table">female</td>
        <td class="item-table">2/0/1992</td>
        <td class="item-table"><button class="rounded-md bg-brand-main text-white font-regular py-1 px-2 focus:outline-none cursor-pointer hover:brightness-95"> View </button></td>
      </tr>
    </tbody>
  </table>
</transition-stub>
`;

exports[`<UserTable /> should render component UserTable without patients 1`] = `
<transition-stub>
  <p class="text-lg font-bold text-gray-800 text-center">Could not find any results!</p>
</transition-stub>
`;
